{
    "client": {
        "name": "TIMOTHY DA SILVA",
        "address": {
            "street": "R FICTICIA 123",
            "district": "CENTRO",
            "postcode": "12345-678",
            "city": "CIDADE",
            "state": "RS"
        },
        "establishment": {
            "classification": "Convencional B1 Residencial",
            "supplyType": "Bifásico"
        }
    },
    "dates": {
        "actualReadingDate": "13/04/2022",
        "previousReadingDate": "15/03/2022",
        "nextReadingDate": "13/05/2022",
        "date": "04/22"
    },
    "solarGeneration": {
        "balance": "1178.0",
        "toExpireNextMonth": "0.0"
    },
    "debits": {
        "tusd": {
            "price": "143.39",
            "name": "Tarifa de Uso do Sistema de Distribuição",
            "abbreviation": "TUSD",
            "kWhAmount": "283.0"
        },
        "te": {
            "price": "113.82",
            "name": "Tarifa de Energia",
            "abbreviation": "TE",
            "kWhAmount": "283.0"
        },
        "cip": {
            "price": "7.84",
            "name": "Contribuição de Iluminação Pública",
            "abbreviation": "CIP"
        }
    },
    "powers": {
        "active": {
            "previousReading": "1670",
            "actualReading": "1953",
            "kWhAmount": "283"
        },
        "injected": {
            "previousReading": "2779",
            "actualReading": "3130",
            "kWhAmount": "351"
        }
    },
    "installationCode": "0123456789",
    "price": "99.16",
    "realPrice": "99.16",
    "lastMonthPrice": "0.0"
}