{
    "client": {
        "name": "TIMOTHY DA SILVA",
        "address": {
            "street": "R FICTICIA 123",
            "district": "CENTRO",
            "postcode": "12345-678",
            "city": "CIDADE",
            "state": "RS"
        },
        "establishment": {
            "classification": "Convencional B1 Residencial",
            "supplyType": "Bifásico"
        }
    },
    "dates": {
        "actualReadingDate": "08/11/2021",
        "previousReadingDate": "06/10/2021",
        "nextReadingDate": "09/12/2021",
        "date": "11/21"
    },
    "debits": {
        "tusd": {
            "price": "165.52",
            "name": "Tarifa de Uso do Sistema de Distribuição",
            "abbreviation": "TUSD",
            "kWhAmount": "304.0"
        },
        "te": {
            "price": "131.39",
            "name": "Tarifa de Energia",
            "abbreviation": "TE",
            "kWhAmount": "304.0"
        },
        "cip": {
            "price": "7.15",
            "name": "Contribuição de Iluminação Pública",
            "abbreviation": "CIP"
        }
    },
    "powers": {
        "active": {
            "previousReading": "31878.0",
            "actualReading": "32182.0",
            "kWhAmount": "304.0"
        }
    },
    "installationCode": "0123456789",
    "price": "369.62"
}