{
    "client": {
        "name": "TIMOTHY DA SILVA",
        "address": {
            "street": "R FICTICIA 123",
            "district": "CENTRO",
            "postcode": "12345-678",
            "city": "CIDADE",
            "state": "RS"
        },
        "establishment": {
            "classification": "Convencional B1 Residencial",
            "supplyType": "Monofásico"
        }
    },
    "dates": {
        "actualReadingDate": "20/06/2023",
        "previousReadingDate": "20/05/2023",
        "nextReadingDate": "20/07/2023",
        "date": "06/2023"
    },
    "solarGeneration": {
        "balance": "1550.0",
        "toExpireNextMonth": "150.0"
    },
    "debits": {
        "tusd": {
            "price": "20.50",
            "name": "Tarifa de Uso do Sistema de Distribuição",
            "abbreviation": "TUSD",
            "kWhAmount": "45.5"
        },
        "te": {
            "price": "15.00",
            "name": "Tarifa de Energia",
            "abbreviation": "TE",
            "kWhAmount": "46.0"
        },
        "cip": {
            "price": "0.95",
            "name": "Contribuição de Iluminação Pública",
            "abbreviation": "CIP"
        }
    },
    "powers": {
        "active": {
            "previousReading": "3000",
            "actualReading": "3150",
            "kWhAmount": "150"
        },
        "injected": {
            "previousReading": "2000",
            "actualReading": "2050",
            "kWhAmount": "50"
        }
    },
    "installationCode": "0123456789",
    "price": "74.25",
    "realPrice": "37.55",
    "lastMonthPrice": "36.70"
}