{
    "client": {
        "name": "TIMOTHY DA SILVA",
        "address": {
            "street": "R FICTICIA 123",
            "district": "CENTRO",
            "postcode": "12345-678",
            "city": "CIDADE",
            "state": "RS"
        },
        "establishment": {
            "classification": "Convencional B1 Residencial",
            "supplyType": "Bifásico"
        }
    },
    "dates": {
        "actualReadingDate": "16/05/2023",
        "previousReadingDate": "14/04/2023",
        "nextReadingDate": "14/06/2023",
        "date": "05/23"
    },
    "solarGeneration": {
        "balance": "1343.0",
        "toExpireNextMonth": "0.0"
    },
    "debits": {
        "tusd": {
            "price": "236.54",
            "name": "Tarifa de Uso do Sistema de Distribuição",
            "abbreviation": "TUSD",
            "kWhAmount": "426.0"
        },
        "te": {
            "price": "141.43",
            "name": "Tarifa de Energia",
            "abbreviation": "TE",
            "kWhAmount": "426.0"
        },
        "cip": {
            "price": "8.94",
            "name": "Contribuição de Iluminação Pública",
            "abbreviation": "CIP"
        }
    },
    "installationCode": "0123456789",
    "price": "88.78"
}