{
    "client": {
        "name": "TIMOTHY DA SILVA",
        "address": {
            "street": "R FICTICIA 123",
            "district": "CENTRO",
            "postcode": "12345-678",
            "city": "CIDADE",
            "state": "RS"
        },
        "establishment": {
            "classification": "Convencional B1 Residencial",
            "supplyType": "Bifásico"
        }
    },
    "dates": {
        "actualReadingDate": "16/12/2022",
        "previousReadingDate": "16/11/2022",
        "nextReadingDate": "16/01/2023",
        "date": "12/22"
    },
    "solarGeneration": {
        "balance": "1129.0",
        "toExpireNextMonth": "0.0"
    },
    "debits": {
        "tusd": {
            "price": "199.37",
            "name": "Tarifa de Uso do Sistema de Distribuição",
            "abbreviation": "TUSD",
            "kWhAmount": "435.0"
        },
        "te": {
            "price": "143.63",
            "name": "Tarifa de Energia",
            "abbreviation": "TE",
            "kWhAmount": "435.0"
        },
        "cip": {
            "price": "9.68",
            "name": "Contribuição de Iluminação Pública",
            "abbreviation": "CIP"
        }
    },
    "powers": {
        "active": {
            "previousReading": "4464",
            "actualReading": "4899",
            "kWhAmount": "435"
        },
        "injected": {
            "previousReading": "5442",
            "actualReading": "5854",
            "kWhAmount": "412"
        }
    },
    "installationCode": "0123456789",
    "price": "97.66"
}