{
    "client": {
        "name": "TIMOTHY DA SILVA",
        "address": {
            "street": "R FICTICIA 123",
            "district": "CENTRO",
            "postcode": "12345-678",
            "city": "CIDADE",
            "state": "RS"
        },
        "establishment": {
            "classification": "Convencional B1 Residencial",
            "supplyType": "Bifásico"
        }
    },
    "dates": {
        "actualReadingDate": "15/08/2022",
        "previousReadingDate": "14/07/2022",
        "nextReadingDate": "14/09/2022",
        "date": "08/22"
    },
    "solarGeneration": {
        "balance": "895.0",
        "toExpireNextMonth": "0.0"
    },
    "debits": {
        "tusd": {
            "price": "212.79",
            "name": "Tarifa de Uso do Sistema de Distribuição",
            "abbreviation": "TUSD",
            "kWhAmount": "456.0"
        },
        "te": {
            "price": "153.29",
            "name": "Tarifa de Energia",
            "abbreviation": "TE",
            "kWhAmount": "456.0"
        },
        "cip": {
            "price": "9.56",
            "name": "Contribuição de Iluminação Pública",
            "abbreviation": "CIP"
        }
    },
    "powers": {
        "active": {
            "previousReading": "2913",
            "actualReading": "3369",
            "kWhAmount": "456"
        },
        "injected": {
            "previousReading": "3876",
            "actualReading": "4113",
            "kWhAmount": "237"
        }
    },
    "installationCode": "0123456789",
    "price": "118.08",
    "realPrice": "56.52",
    "lastMonthPrice": "61.56"
}