{
    "client": {
        "name": "TIMOTHY DA SILVA",
        "address": {
            "street": "R FICTICIA 123",
            "district": "CENTRO",
            "postcode": "12345-678",
            "city": "CIDADE",
            "state": "RS"
        },
        "establishment": {
            "classification": "Convencional B1 Residencial",
            "supplyType": "Bifásico"
        }
    },
    "dates": {
        "actualReadingDate": "13/02/2023",
        "previousReadingDate": "16/01/2023",
        "nextReadingDate": "15/03/2023",
        "date": "02/23"
    },
    "solarGeneration": {
        "balance": "1460.0",
        "toExpireNextMonth": "0.0"
    },
    "debits": {
        "tusd": {
            "price": "72.16",
            "name": "Tarifa de Uso do Sistema de Distribuição",
            "abbreviation": "TUSD",
            "kWhAmount": "158.0"
        },
        "te": {
            "price": "51.99",
            "name": "Tarifa de Energia",
            "abbreviation": "TE",
            "kWhAmount": "158.0"
        },
        "cip": {
            "price": "4.36",
            "name": "Contribuição de Iluminação Pública",
            "abbreviation": "CIP"
        }
    },
    "powers": {
        "active": {
            "previousReading": "5397",
            "actualReading": "5555",
            "kWhAmount": "158"
        },
        "injected": {
            "previousReading": "6259",
            "actualReading": "6791",
            "kWhAmount": "532"
        }
    },
    "installationCode": "0123456789",
    "price": "93.38",
    "realPrice": "54.09",
    "lastMonthPrice": "39.29"
}