{
    "client": {
        "name": "TIMOTHY DA SILVA",
        "address": {
            "street": "R FICTICIA 123",
            "district": "CENTRO",
            "postcode": "12345-678",
            "city": "CIDADE",
            "state": "RS"
        },
        "establishment": {
            "classification": "Convencional B1 Residencial",
            "supplyType": "Monofásico"
        }
    },
    "dates": {
        "actualReadingDate": "06/12/2022",
        "previousReadingDate": "03/11/2022",
        "nextReadingDate": "03/01/2023",
        "date": "12/22"
    },
    "solarGeneration": {
        "balance": "0.0",
        "toExpireNextMonth": "0.0"
    },
    "debits": {
        "tusd": {
            "price": "88.46",
            "name": "Tarifa de Uso do Sistema de Distribuição",
            "abbreviation": "TUSD",
            "kWhAmount": "193.0"
        },
        "te": {
            "price": "63.72",
            "name": "Tarifa de Energia",
            "abbreviation": "TE",
            "kWhAmount": "193.0"
        },
        "cip": {
            "price": "4.04",
            "name": "Contribuição de Iluminação Pública",
            "abbreviation": "CIP"
        }
    },
    "powers": {
        "active": {
            "previousReading": "0",
            "actualReading": "152",
            "kWhAmount": "152"
        },
        "injected": {
            "previousReading": "0",
            "actualReading": "50",
            "kWhAmount": "50"
        }
    },
    "installationCode": "0123456789",
    "price": "157.58",
    "realPrice": "157.58",
    "lastMonthPrice": "0"
}